# Deterministic reference output from /bin/hostabi_probe.
PROBE open_missing rc=-1 errno=ENOENT
PROBE open_dir_rd rc=0 errno=OK
PROBE open_dir_wr rc=-1 errno=EISDIR
PROBE read_zero_null rc=0 errno=OK
PROBE write_readonly rc=-1 errno=EBADF
PROBE lseek_tty rc=-1 errno=ESPIPE
PROBE fcntl_badfd rc=-1 errno=EBADF
PROBE fcntl_setfd_cloexec rc=0 errno=OK
PROBE dup_clears_cloexec rc=0 errno=OK
PROBE fcntl_dupfd_clears_cloexec rc=0 errno=OK
PROBE fcntl_dupfd_cloexec_sets rc=0 errno=OK
PROBE fcntl_setfl_nonblock rc=0 errno=OK
PROBE fcntl_getfl_nonblock rc=0 errno=OK
PROBE dup2_clears_cloexec rc=0 errno=OK
PROBE ioctl_notty rc=-1 errno=ENOTTY
PROBE tcgetattr_file rc=-1 errno=ENOTTY
PROBE isatty_devnull rc=-1 errno=ENOTTY
PROBE tcgetattr_tty rc=0 errno=OK
PROBE tty_tcsetattr_shared rc=0 errno=OK
PROBE opendir_missing rc=-1 errno=ENOENT
PROBE opendir_file rc=-1 errno=ENOTDIR
PROBE opendir_root rc=0 errno=OK
PROBE dirfd_root rc=0 errno=OK
PROBE readdir_root rc=0 errno=OK
PROBE posix_openpt_rdwr rc=0 errno=OK
PROBE grantpt rc=0 errno=OK
PROBE unlockpt rc=0 errno=OK
PROBE ptsname_r_small rc=-1 errno=ERANGE
PROBE ptsname_r_ok rc=0 errno=OK
PROBE pty_tcgetattr_master rc=0 errno=OK
PROBE pty_tcsetattr_shared rc=0 errno=OK
PROBE pty_tcsetattr_flush rc=0 errno=OK
PROBE poll_pty_slave_read_ready rc=1 errno=OK
PROBE select_pty_slave_read_ready rc=1 errno=OK
PROBE posix_openpt_rdonly rc=-1 errno=EINVAL
PROBE fdopendir rc=0 errno=OK
PROBE at_openat_rel rc=0 errno=OK
PROBE at_fstatat_reg rc=0 errno=OK
PROBE at_symlinkat rc=0 errno=OK
PROBE at_readlinkat rc=0 errno=OK
PROBE at_fstatat_nofollow rc=0 errno=OK
PROBE at_renameat rc=0 errno=OK
PROBE at_mkdirat rc=0 errno=OK
PROBE at_unlinkat_file rc=0 errno=OK
PROBE at_unlinkat_dir rc=0 errno=OK
PROBE at_openat_nondirfd rc=-1 errno=ENOTDIR
PROBE truncate_zero rc=0 errno=OK
PROBE utimes_ok rc=0 errno=OK
PROBE ctype_ascii rc=0 errno=OK
PROBE chown_ok rc=0 errno=OK
PROBE poll_bad_timeout rc=-1 errno=EINVAL
PROBE poll_zero_ok rc=0 errno=OK
PROBE poll_pipe_write_ready rc=1 errno=OK
PROBE poll_pipe_read_ready rc=1 errno=OK
PROBE poll_pipe_hup rc=1 errno=OK
PROBE select_pipe_read_hup rc=1 errno=OK
PROBE poll_fifo_write_ready rc=1 errno=OK
PROBE select_fifo_read_ready rc=1 errno=OK
PROBE select_zero_ok rc=0 errno=OK
PROBE select_bad_timeval rc=-1 errno=EINVAL
PROBE shell_and_shortcircuit rc=0 errno=OK
PROBE shell_or_shortcircuit rc=0 errno=OK
PROBE shell_seq_semicolon rc=0 errno=OK
PROBE shell_var_expand rc=0 errno=OK
PROBE shell_status_expand rc=0 errno=OK
PROBE shell_numarg_redir rc=0 errno=OK
PROBE shell_glob_qmark rc=0 errno=OK
PROBE shell_glob_class rc=0 errno=OK
PROBE sigaction_usr1_set rc=0 errno=OK
PROBE sigprocmask_block_usr1 rc=0 errno=OK
PROBE raise_usr1_pending rc=0 errno=OK
PROBE sigsuspend_eintr rc=-1 errno=EINTR
PROBE sigsuspend_mask_restore rc=0 errno=OK
PROBE waitpid_nochild rc=-1 errno=ECHILD
PROBE waitid_badopts rc=-1 errno=EINVAL
PROBE waitid_badidtype rc=-1 errno=EINVAL
PROBE wait_spawn_sleep_bg rc=0 errno=OK
PROBE waitid_wnohang_noevent rc=0 errno=OK
PROBE waitid_exit_wnowait rc=0 errno=OK
PROBE waitid_siginfo_signo rc=0 errno=OK
PROBE waitid_siginfo_code rc=0 errno=OK
PROBE waitid_siginfo_status_pack rc=0 errno=OK
PROBE waitpid_reap_after_wnowait rc=0 errno=OK
PROBE waitid_siginfo_pid_pack rc=0 errno=OK
PROBE waitid_nochild rc=-1 errno=ECHILD
PROBE job_bg_tty_read_stop rc=0 errno=OK
PROBE waitpid_stop_sigttin rc=0 errno=OK
PROBE job_bg_tty_write_stop rc=0 errno=OK
PROBE waitpid_stop_sigttou rc=0 errno=OK
PROBE job_getpgrp_self rc=0 errno=OK
PROBE job_getpgid_self rc=0 errno=OK
PROBE job_getsid_self rc=0 errno=OK
PROBE setpgid_badpid rc=-1 errno=EINVAL
PROBE setpgid_self_nop rc=0 errno=OK
PROBE setsid_leader rc=-1 errno=EPERM
PROBE tcgetpgrp_tty rc=0 errno=OK
PROBE tcsetpgrp_same rc=0 errno=OK
PROBE tcsetpgrp_badgrp rc=-1 errno=EINVAL
PROBE tcgetpgrp_notty rc=-1 errno=ENOTTY
PROBE tcsetpgrp_notty rc=-1 errno=ENOTTY
PROBE SUMMARY failures=0
