# Deterministic reference output from /bin/hostabi_probe.
PROBE open_missing rc=-1 errno=ENOENT
PROBE open_dir_rd rc=0 errno=OK
PROBE open_dir_wr rc=-1 errno=EISDIR
PROBE read_zero_null rc=0 errno=OK
PROBE write_readonly rc=-1 errno=EBADF
PROBE lseek_tty rc=-1 errno=ESPIPE
PROBE fcntl_badfd rc=-1 errno=EBADF
PROBE ioctl_notty rc=-1 errno=ENOTTY
PROBE tcgetattr_file rc=-1 errno=ENOTTY
PROBE tcgetattr_tty rc=0 errno=OK
PROBE opendir_missing rc=-1 errno=ENOENT
PROBE opendir_file rc=-1 errno=ENOTDIR
PROBE opendir_root rc=0 errno=OK
PROBE dirfd_root rc=0 errno=OK
PROBE readdir_root rc=0 errno=OK
PROBE posix_openpt_rdwr rc=0 errno=OK
PROBE grantpt rc=0 errno=OK
PROBE unlockpt rc=0 errno=OK
PROBE ptsname_r_small rc=-1 errno=ERANGE
PROBE ptsname_r_ok rc=0 errno=OK
PROBE posix_openpt_rdonly rc=-1 errno=EINVAL
PROBE fdopendir rc=0 errno=OK
PROBE truncate_zero rc=0 errno=OK
PROBE utimes_ok rc=0 errno=OK
PROBE ctype_ascii rc=0 errno=OK
PROBE chown_ok rc=0 errno=OK
PROBE waitpid_nochild rc=-1 errno=ECHILD
PROBE waitid_badopts rc=-1 errno=EINVAL
PROBE waitid_badidtype rc=-1 errno=EINVAL
PROBE wait_spawn_sleep_bg rc=0 errno=OK
PROBE waitid_exit_wnowait rc=0 errno=OK
PROBE waitpid_reap_after_wnowait rc=0 errno=OK
PROBE waitid_nochild rc=-1 errno=ECHILD
PROBE SUMMARY failures=0
